2026-01-05 23:48:09,596 - INFO - --- Starting Final Training Pipeline for BTCUSD ---
2026-01-05 23:48:15,950 - INFO - Train Rows: 1407532 | Val Rows: 150807
2026-01-05 23:48:15,951 - INFO - --- FRESH TRAINING ---
2026-01-05 23:48:18,206 - INFO - Training for 1000000 steps...
2026-01-05 23:50:47,926 - INFO - --- Starting Final Training Pipeline for BTCUSD ---
2026-01-05 23:50:54,846 - INFO - Train Rows: 1407532 | Val Rows: 150807
2026-01-05 23:50:54,847 - INFO - --- FRESH TRAINING ---
2026-01-05 23:50:56,509 - INFO - Training for 1000000 steps...
2026-01-05 23:53:43,367 - INFO - --- Starting Final Training Pipeline for BTCUSD ---
2026-01-05 23:53:49,317 - INFO - Train Rows: 1407532 | Val Rows: 150807
2026-01-05 23:53:49,321 - INFO - --- TRANSFER LEARNING: Loading models\PPO_BTCUSD_QUICK.zip ---
2026-01-05 23:53:51,048 - INFO - Training for 1000000 steps...
2026-01-06 00:12:39,288 - INFO - --- Training Complete in 18.80 minutes ---
2026-01-06 00:12:39,310 - INFO - Final Model saved to: models\PPO_BTCUSD_FINAL_1767638559.zip
2026-01-06 00:12:40,181 - INFO - Final Learning Curve saved to: models\final_learning_curve.png
2026-01-06 11:39:56,659 - INFO - --- Starting Final Training Pipeline for BTCUSD ---
2026-01-06 11:40:02,603 - INFO - Train Rows: 1407532 | Val Rows: 150807
2026-01-06 11:40:02,605 - INFO - --- TRANSFER LEARNING: Loading models\PPO_BTCUSD_QUICK.zip ---
2026-01-06 11:41:07,896 - INFO - --- Starting Final Training Pipeline for BTCUSD ---
2026-01-06 11:41:12,972 - INFO - Train Rows: 1407532 | Val Rows: 150807
2026-01-06 11:41:12,972 - INFO - --- TRANSFER LEARNING: Loading models\PPO_BTCUSD_QUICK_1767676491.zip ---
2026-01-06 11:41:15,148 - INFO - Training for 1000000 steps...
2026-01-06 11:59:34,268 - INFO - --- Training Complete in 18.32 minutes ---
2026-01-06 11:59:34,280 - INFO - Final Model saved to: models\PPO_BTCUSD_FINAL_1767680974.zip
2026-01-06 11:59:34,756 - INFO - Final Learning Curve saved to: models\final_learning_curve_1767680974.png
2026-01-13 16:43:30,620 - INFO - --- Starting Final Training Pipeline for BTCUSD ---
2026-01-13 16:43:36,906 - INFO - Train Rows: 1407532 | Val Rows: 150807
2026-01-13 16:43:36,908 - INFO - --- TRANSFER LEARNING: Loading models\PPO_BTCUSD_QUICK_1768301861.zip ---
2026-01-13 16:43:38,715 - INFO - Training for 1000000 steps...
2026-01-13 17:04:13,315 - INFO - --- Training Complete in 20.58 minutes ---
2026-01-13 17:04:13,324 - INFO - Final Model saved to: models\PPO_BTCUSD_FINAL_1768304053.zip
2026-01-13 17:04:13,803 - INFO - Final Learning Curve saved to: models\final_learning_curve_1768304053.png
